[INFO ] 2024-10-11 14:39:18.266 [main] BDD Automation - The Execution of step I_launch_chrome_browser has started
[INFO ] 2024-10-11 14:39:24.159 [main] BDD Automation - The Execution of step I_launch_chrome_browser has ended
[INFO ] 2024-10-11 14:39:24.172 [main] BDD Automation - The Execution of step I_navigate_application_url has started
[INFO ] 2024-10-11 14:39:28.969 [main] BDD Automation - The Execution of step I_navigate_application_url has ended
[INFO ] 2024-10-11 14:39:28.971 [main] BDD Automation - The Execution of step I_enter_username_in_username_text_field has started
[INFO ] 2024-10-11 14:39:31.085 [main] BDD Automation - The Execution of step I_enter_username_in_username_text_field has ended
[INFO ] 2024-10-11 14:39:31.090 [main] BDD Automation - The Execution of step I_enter_password_in_password_text_field has started
[INFO ] 2024-10-11 14:39:33.226 [main] BDD Automation - The Execution of step I_enter_password_in_password_text_field has ended
[INFO ] 2024-10-11 14:39:33.227 [main] BDD Automation - The Execution of step I_click_on_login_in_button has started
[INFO ] 2024-10-11 14:39:38.311 [main] BDD Automation - The Execution of step I_click_on_login_in_button has ended
[INFO ] 2024-10-11 14:39:38.313 [main] BDD Automation - The Execution of step I_find_the_home_page has started
[INFO ] 2024-10-11 14:39:38.352 [main] BDD Automation - The Execution of step I_find_the_home_page has ended
[INFO ] 2024-10-11 14:39:38.353 [main] BDD Automation - The Execution of step I_minimize_flyout_window has started
[INFO ] 2024-10-11 14:39:40.417 [main] BDD Automation - The Execution of step I_minimize_flyout_window has ended
[INFO ] 2024-10-11 14:39:40.426 [main] BDD Automation - The Execution of step I_find_the_home_page has started
[INFO ] 2024-10-11 14:39:40.452 [main] BDD Automation - The Execution of step I_find_the_home_page has ended
[INFO ] 2024-10-11 14:39:40.453 [main] BDD Automation - The Execution of step I_click_on_logout_link has started
[INFO ] 2024-10-11 14:39:42.639 [main] BDD Automation - The Execution of step I_click_on_logout_link has ended
[INFO ] 2024-10-11 14:39:42.641 [main] BDD Automation - The Execution of step I_find_the_login_page has started
[INFO ] 2024-10-11 14:39:44.675 [main] BDD Automation - The Execution of step I_find_the_login_page has ended
[INFO ] 2024-10-11 14:39:44.677 [main] BDD Automation - The Execution of step I_close_Application has started
[INFO ] 2024-10-11 14:39:47.203 [main] BDD Automation - The Execution of step I_close_Application has ended
[INFO ] 2024-10-11 14:39:47.240 [main] BDD Automation - The Execution of step I_launch_chrome_browser has started
[INFO ] 2024-10-11 14:39:52.411 [main] BDD Automation - The Execution of step I_launch_chrome_browser has ended
[INFO ] 2024-10-11 14:39:52.413 [main] BDD Automation - The Execution of step I_navigate_application_url has started
[INFO ] 2024-10-11 14:39:57.421 [main] BDD Automation - The Execution of step I_navigate_application_url has ended
[INFO ] 2024-10-11 14:39:57.423 [main] BDD Automation - The Execution of step I_enter_username_in_username_text_field has started
[INFO ] 2024-10-11 14:39:59.509 [main] BDD Automation - The Execution of step I_enter_username_in_username_text_field has ended
[INFO ] 2024-10-11 14:39:59.511 [main] BDD Automation - The Execution of step I_enter_password_in_password_text_field has started
[INFO ] 2024-10-11 14:40:01.655 [main] BDD Automation - The Execution of step I_enter_password_in_password_text_field has ended
[INFO ] 2024-10-11 14:40:01.656 [main] BDD Automation - The Execution of step I_click_on_login_in_button has started
[INFO ] 2024-10-11 14:40:06.727 [main] BDD Automation - The Execution of step I_click_on_login_in_button has ended
[INFO ] 2024-10-11 14:40:06.728 [main] BDD Automation - The Execution of step I_find_the_home_page has started
[INFO ] 2024-10-11 14:40:06.764 [main] BDD Automation - The Execution of step I_find_the_home_page has ended
[INFO ] 2024-10-11 14:40:06.764 [main] BDD Automation - The Execution of step I_minimize_flyout_window has started
[INFO ] 2024-10-11 14:40:08.838 [main] BDD Automation - The Execution of step I_minimize_flyout_window has ended
[INFO ] 2024-10-11 14:40:08.839 [main] BDD Automation - The Execution of step I_find_the_home_page has started
[INFO ] 2024-10-11 14:40:08.866 [main] BDD Automation - The Execution of step I_find_the_home_page has ended
[INFO ] 2024-10-11 14:40:08.866 [main] BDD Automation - The Execution of step I_click_on_User_tab has started
[INFO ] 2024-10-11 14:40:22.234 [main] BDD Automation - The Execution of step I_click_on_User_tab has ended
[INFO ] 2024-10-11 14:40:22.235 [main] BDD Automation - The Execution of step I_click_on_Add_User_Option has started
[INFO ] 2024-10-11 14:40:24.336 [main] BDD Automation - The Execution of step I_click_on_Add_User_Option has ended
[INFO ] 2024-10-11 14:40:24.338 [main] BDD Automation - The Execution of step I_enter_FirstName_in_firstName_text_field has started
[INFO ] 2024-10-11 14:40:26.462 [main] BDD Automation - The Execution of step I_enter_FirstName_in_firstName_text_field has ended
[INFO ] 2024-10-11 14:40:26.464 [main] BDD Automation - The Execution of step I_enter_LastName_in_lastName_text_field has started
[INFO ] 2024-10-11 14:40:28.605 [main] BDD Automation - The Execution of step I_enter_LastName_in_lastName_text_field has ended
[INFO ] 2024-10-11 14:40:28.606 [main] BDD Automation - The Execution of step I_enter_email_in_email_text_field has started
[INFO ] 2024-10-11 14:40:30.787 [main] BDD Automation - The Execution of step I_enter_email_in_email_text_field has ended
[INFO ] 2024-10-11 14:40:30.788 [main] BDD Automation - The Execution of step I_enter_loginuser_in_loginusername_text_field has started
[INFO ] 2024-10-11 14:40:32.935 [main] BDD Automation - The Execution of step I_enter_loginuser_in_loginusername_text_field has ended
[INFO ] 2024-10-11 14:40:32.936 [main] BDD Automation - The Execution of step I_enter_user_password_in_password_text_field has started
[INFO ] 2024-10-11 14:40:35.081 [main] BDD Automation - The Execution of step I_enter_user_password_in_password_text_field has ended
[INFO ] 2024-10-11 14:40:35.083 [main] BDD Automation - The Execution of step I_enter_retypepassword_in_password_text_field has started
[INFO ] 2024-10-11 14:40:37.245 [main] BDD Automation - The Execution of step I_enter_retypepassword_in_password_text_field has ended
[INFO ] 2024-10-11 14:40:37.247 [main] BDD Automation - The Execution of step I_click_on_Create_User_button has started
[INFO ] 2024-10-11 14:40:39.345 [main] BDD Automation - The Execution of step I_click_on_Create_User_button has ended
[INFO ] 2024-10-11 14:40:39.347 [main] BDD Automation - The Execution of step I_find_the_create_User_in_the_User_List_Page has started
[INFO ] 2024-10-11 14:40:41.416 [main] BDD Automation - The Execution of step I_find_the_create_User_in_the_User_List_Page has ended
[INFO ] 2024-10-11 14:40:41.417 [main] BDD Automation - The Execution of step I_click_on_Username_in_the_User_List_Page has started
[INFO ] 2024-10-11 14:40:43.535 [main] BDD Automation - The Execution of step I_click_on_Username_in_the_User_List_Page has ended
[INFO ] 2024-10-11 14:40:43.537 [main] BDD Automation - The Execution of step I_click_on_delete_button_to_delete_the_User has started
[INFO ] 2024-10-11 14:40:45.636 [main] BDD Automation - The Execution of step I_click_on_delete_button_to_delete_the_User has ended
[INFO ] 2024-10-11 14:40:45.638 [main] BDD Automation - The Execution of step I_click_on_Ok_button_in_the_Alert_to_delete_the_User has started
[INFO ] 2024-10-11 14:40:47.677 [main] BDD Automation - The Execution of step I_click_on_Ok_button_in_the_Alert_to_delete_the_User has ended
[INFO ] 2024-10-11 14:40:47.679 [main] BDD Automation - The Execution of step I_click_on_logout_link has started
[INFO ] 2024-10-11 14:40:49.900 [main] BDD Automation - The Execution of step I_click_on_logout_link has ended
[INFO ] 2024-10-11 14:40:49.900 [main] BDD Automation - The Execution of step I_find_the_login_page has started
[INFO ] 2024-10-11 14:40:51.922 [main] BDD Automation - The Execution of step I_find_the_login_page has ended
[INFO ] 2024-10-11 14:40:51.924 [main] BDD Automation - The Execution of step I_close_Application has started
[INFO ] 2024-10-11 14:40:54.232 [main] BDD Automation - The Execution of step I_close_Application has ended
